[coronavirus.sergas.gal/autotest/indexfeec.html]
[backblue.gif]
[fade.gif]
[index.html]
[coronavirus.sergas.gal/autotest/images/core/favicon/apple-touch-icon-180x180-precomposed.png]
[coronavirus.sergas.gal/autotest/images/core/favicon/apple-touch-icon-152x152-precomposed.png]
[coronavirus.sergas.gal/autotest/images/core/favicon/apple-touch-icon-144x144-precomposed.png]
[coronavirus.sergas.gal/autotest/images/core/favicon/apple-touch-icon-120x120-precomposed.png]
[coronavirus.sergas.gal/autotest/images/core/favicon/apple-touch-icon-114x114-precomposed.png]
[coronavirus.sergas.gal/autotest/images/core/favicon/apple-touch-icon-76x76-precomposed.png]
[coronavirus.sergas.gal/autotest/images/core/favicon/apple-touch-icon-72x72-precomposed.png]
[coronavirus.sergas.gal/autotest/images/core/favicon/apple-touch-icon-precomposed.png]
[coronavirus.sergas.gal/autotest/images/core/favicon/favicon.ico]
[coronavirus.sergas.gal/autotest/libs/jquery-ui-1.12.1-effects/jquery-ui-effects.min.css]
[coronavirus.sergas.gal/autotest/min/site-041f289e86.css]
[coronavirus.sergas.gal/autotest/min/support.js]
[coronavirus.sergas.gal/autotest/min/site-abf0c1926f.js]
[coronavirus.sergas.gal/autotest/libs/jquery.localize/jquery.localize.js]
[coronavirus.sergas.gal/autotest/libs/jquery-ui-1.12.1-effects/jquery-ui-effects.min.js]
[coronavirus.sergas.gal/autotest/images/custom/logos/sergas-white.png]
[coronavirus.sergas.gal/autotest/indexfeec.html]
[coronavirus.sergas.gal/autotest/libs/jquery-ui-1.12.1-effects/jquery-ui-effects.min.css]
[coronavirus.sergas.gal/autotest/fonts/core/roboto/Roboto-Light.eot]
[coronavirus.sergas.gal/autotest/fonts/core/roboto/Roboto-Lightd41d.eot]
[coronavirus.sergas.gal/autotest/fonts/core/roboto/Roboto-Light.woff]
[coronavirus.sergas.gal/autotest/fonts/core/roboto/Roboto-Light.ttf]
[coronavirus.sergas.gal/autotest/fonts/core/roboto/Roboto-Regular.eot]
[coronavirus.sergas.gal/autotest/fonts/core/roboto/Roboto-Regulard41d.eot]
[coronavirus.sergas.gal/autotest/fonts/core/roboto/Roboto-Regular.woff]
[coronavirus.sergas.gal/autotest/fonts/core/roboto/Roboto-Regular.ttf]
[coronavirus.sergas.gal/autotest/fonts/core/montserrat/Montserrat-Light.ttf]
[coronavirus.sergas.gal/autotest/fonts/core/montserrat/Montserrat-Regular.ttf]
[coronavirus.sergas.gal/autotest/fonts/core/montserrat/Montserrat-Bold.ttf]
[coronavirus.sergas.gal/autotest/fonts/core/open-sans/OpenSans-Regular.ttf]
[coronavirus.sergas.gal/autotest/fonts/core/open-sans/OpenSans-Bold.ttf]
[coronavirus.sergas.gal/autotest/fonts/core/bootstrap/glyphicons-halflings-regular.eot]
[coronavirus.sergas.gal/autotest/fonts/core/bootstrap/glyphicons-halflings-regulard41d.eot]
[coronavirus.sergas.gal/autotest/fonts/core/bootstrap/glyphicons-halflings-regular.woff2]
[coronavirus.sergas.gal/autotest/fonts/core/bootstrap/glyphicons-halflings-regular.woff]
[coronavirus.sergas.gal/autotest/fonts/core/bootstrap/glyphicons-halflings-regular.ttf]
[coronavirus.sergas.gal/autotest/fonts/core/fontawesome/fontawesome-webfont3e6e.eot]
[coronavirus.sergas.gal/autotest/fonts/core/fontawesome/fontawesome-webfont3e6e.woff2]
[coronavirus.sergas.gal/autotest/fonts/core/fontawesome/fontawesome-webfont3e6e.woff]
[coronavirus.sergas.gal/autotest/fonts/core/fontawesome/fontawesome-webfont3e6e.ttf]
[coronavirus.sergas.gal/autotest/min/site-041f289e86.css]
[coronavirus.sergas.gal/autotest/min/site-abf0c1926f.js]
[coronavirus.sergas.gal/autotest/min/support.js]
[coronavirus.sergas.gal/autotest/libs/jquery.localize/jquery.localize.js]
[coronavirus.sergas.gal/autotest/libs/jquery-ui-1.12.1-effects/jquery-ui-effects.min.js]
[coronavirus.sergas.gal/autotest/images/custom/logos/coronavirus.svg]
[coronavirus.sergas.gal/autotest/images/custom/logos/xunta.svg]
[coronavirus.sergas.gal/autotest/images/custom/logos/galicia-white.svg]
[coronavirus.sergas.gal/autotest/libs/jquery-ui-1.12.1-effects/images/ui-icons_444444_256x240.html]
[coronavirus.sergas.gal/autotest/libs/jquery-ui-1.12.1-effects/images/ui-icons_555555_256x240.html]
[coronavirus.sergas.gal/autotest/libs/jquery-ui-1.12.1-effects/images/ui-icons_ffffff_256x240.html]
[coronavirus.sergas.gal/autotest/libs/jquery-ui-1.12.1-effects/images/ui-icons_777620_256x240.html]
[coronavirus.sergas.gal/autotest/libs/jquery-ui-1.12.1-effects/images/ui-icons_cc0000_256x240.html]
[coronavirus.sergas.gal/autotest/libs/jquery-ui-1.12.1-effects/images/ui-icons_777777_256x240.html]
[coronavirus.sergas.gal/autotest/fonts/core/montserrat/Montserrat-Light.html]
[coronavirus.sergas.gal/autotest/fonts/core/montserrat/Montserrat-Lightd41d.html]
[coronavirus.sergas.gal/autotest/fonts/core/montserrat/Montserrat-Light-2.html]
[coronavirus.sergas.gal/autotest/fonts/core/montserrat/Montserrat-Regular.html]
[coronavirus.sergas.gal/autotest/fonts/core/montserrat/Montserrat-Regulard41d.html]
[coronavirus.sergas.gal/autotest/fonts/core/montserrat/Montserrat-Bold.html]
[coronavirus.sergas.gal/autotest/fonts/core/montserrat/Montserrat-Boldd41d.html]
[coronavirus.sergas.gal/autotest/fonts/core/open-sans/OpenSans-Regular.html]
[coronavirus.sergas.gal/autotest/fonts/core/open-sans/OpenSans-Regulard41d.html]
[coronavirus.sergas.gal/autotest/fonts/core/open-sans/OpenSans-Bold.html]
[coronavirus.sergas.gal/autotest/fonts/core/open-sans/OpenSans-Boldd41d.html]
[coronavirus.sergas.gal/autotest/fonts/core/bootstrap/glyphicons-halflings-regular.svg]
[coronavirus.sergas.gal/autotest/fonts/core/fontawesome/fontawesome-webfont3e6e.svg]
[coronavirus.sergas.gal/autotest/Popover requires tooltip.html]
[coronavirus.sergas.gal/autotest/call_get.html]
[coronavirus.sergas.gal/autotest/generators.html]
[coronavirus.sergas.gal/autotest/map.html]
[coronavirus.sergas.gal/autotest/nodeify.html]
[coronavirus.sergas.gal/autotest/promisify.html]
[coronavirus.sergas.gal/autotest/props.html]
[coronavirus.sergas.gal/autotest/race.html]
[coronavirus.sergas.gal/autotest/reduce.html]
[coronavirus.sergas.gal/autotest/settle.html]
[coronavirus.sergas.gal/autotest/some.html]
[coronavirus.sergas.gal/autotest/timers.html]
[coronavirus.sergas.gal/autotest/using.html]
[coronavirus.sergas.gal/autotest/any.html]
[coronavirus.sergas.gal/autotest/each.html]
[coronavirus.sergas.gal/autotest/filter.html]
